2026-07-17 22:22:09,915 | INFO     | Alpha MOEX запускается...
2026-07-17 22:22:13,448 | INFO     | Alpha MOEX запущен
2026-07-17 23:26:17,914 | INFO     | Alpha MOEX запускается...
2026-07-17 23:26:19,357 | INFO     | Alpha MOEX запущен
2026-07-18 10:17:14,702 | INFO     | Alpha MOEX запускается...
2026-07-18 10:17:20,658 | INFO     | Alpha MOEX запущен
2026-07-18 10:17:42,166 | INFO     | Начинаем обновление данных...
2026-07-18 10:17:43,385 | ERROR    | $SBER.ME: possibly delisted; no price data found  (period=1d)
2026-07-18 10:17:44,487 | ERROR    | HTTP Error 404: {"quoteSummary":{"result":null,"error":{"code":"Not Found","description":"Quote not found for symbol: SBER"}}}
2026-07-18 10:17:45,333 | ERROR    | $SBER: possibly delisted; no price data found  (period=1d) (Yahoo error = "No data found, symbol may be delisted")
2026-07-18 10:17:45,335 | WARNING  | Цена для SBER не найдена
2026-07-18 10:17:45,459 | ERROR    | $SBERP.ME: possibly delisted; no price data found  (period=1d)
2026-07-18 10:17:46,406 | ERROR    | HTTP Error 404: {"quoteSummary":{"result":null,"error":{"code":"Not Found","description":"Quote not found for symbol: SBERP"}}}
2026-07-18 10:17:47,197 | ERROR    | $SBERP: possibly delisted; no price data found  (period=1d) (Yahoo error = "No data found, symbol may be delisted")
2026-07-18 10:17:47,199 | WARNING  | Цена для SBERP не найдена
2026-07-18 10:17:47,324 | ERROR    | $VTBR.ME: possibly delisted; no price data found  (period=1d)
2026-07-18 10:17:48,391 | ERROR    | $VTBR: possibly delisted; no price data found  (period=1d) (Yahoo error = "No data found, symbol may be delisted")
2026-07-18 10:17:48,393 | WARNING  | Цена для VTBR не найдена
2026-07-18 10:17:48,531 | ERROR    | $GAZP.ME: possibly delisted; no price data found  (period=1d)
2026-07-18 10:17:49,509 | ERROR    | $GAZP: possibly delisted; no price data found  (period=1d) (Yahoo error = "No data found, symbol may be delisted")
2026-07-18 10:17:49,511 | WARNING  | Цена для GAZP не найдена
2026-07-18 10:17:49,650 | ERROR    | $LKOH.ME: possibly delisted; no price data found  (period=1d)
2026-07-18 10:17:50,466 | ERROR    | $LKOH: possibly delisted; no price data found  (period=1d) (Yahoo error = "No data found, symbol may be delisted")
2026-07-18 10:17:50,468 | WARNING  | Цена для LKOH не найдена
2026-07-18 10:17:50,592 | ERROR    | $NVTK.ME: possibly delisted; no price data found  (period=1d)
2026-07-18 10:17:51,690 | ERROR    | $NVTK: possibly delisted; no price data found  (period=1d) (Yahoo error = "No data found, symbol may be delisted")
2026-07-18 10:17:51,692 | WARNING  | Цена для NVTK не найдена
2026-07-18 10:17:51,813 | ERROR    | $GCHE.ME: possibly delisted; no price data found  (period=1d)
2026-07-18 10:17:52,706 | ERROR    | $GCHE: possibly delisted; no price data found  (period=1d) (Yahoo error = "No data found, symbol may be delisted")
2026-07-18 10:17:52,708 | WARNING  | Цена для GCHE не найдена
2026-07-18 10:17:52,840 | ERROR    | $CHMF.ME: possibly delisted; no price data found  (period=1d)
2026-07-18 10:17:53,636 | ERROR    | $CHMF: possibly delisted; no price data found  (period=1d) (Yahoo error = "No data found, symbol may be delisted")
2026-07-18 10:17:53,639 | WARNING  | Цена для CHMF не найдена
2026-07-18 10:17:53,759 | ERROR    | $MGNT.ME: possibly delisted; no price data found  (period=1d)
2026-07-18 10:17:55,050 | ERROR    | $TATN.ME: possibly delisted; no price data found  (period=1d)
2026-07-18 10:17:55,957 | ERROR    | $TATN: possibly delisted; no price data found  (period=1d) (Yahoo error = "No data found, symbol may be delisted")
2026-07-18 10:17:55,960 | WARNING  | Цена для TATN не найдена
2026-07-18 10:17:56,220 | ERROR    | $ROSN.ME: possibly delisted; no price data found  (period=1d)
2026-07-18 10:17:56,734 | ERROR    | $PLZL.ME: possibly delisted; no price data found  (period=1d)
2026-07-18 10:17:57,554 | ERROR    | $PLZL: possibly delisted; no price data found  (period=1d) (Yahoo error = "No data found, symbol may be delisted")
2026-07-18 10:17:57,557 | WARNING  | Цена для PLZL не найдена
2026-07-18 10:17:58,382 | ERROR    | $YNDX.ME: possibly delisted; no price data found  (period=1d) (Yahoo error = "No data found, symbol may be delisted")
2026-07-18 10:17:59,188 | ERROR    | $YNDX: possibly delisted; no price data found  (period=1d) (Yahoo error = "No data found, symbol may be delisted")
2026-07-18 10:17:59,190 | WARNING  | Цена для YNDX не найдена
2026-07-18 10:17:59,452 | ERROR    | $MOEX.ME: possibly delisted; no price data found  (period=1d)
2026-07-18 10:18:00,282 | ERROR    | $MOEX: possibly delisted; no price data found  (period=1d) (Yahoo error = "No data found, symbol may be delisted")
2026-07-18 10:18:00,285 | WARNING  | Цена для MOEX не найдена
2026-07-18 10:18:00,287 | INFO     | Загружены цены для 14 акций
2026-07-18 10:18:00,288 | INFO     | Обновлены данные для 14 акций
2026-07-18 10:20:40,320 | INFO     | Alpha MOEX запускается...
2026-07-18 10:20:43,368 | INFO     | Alpha MOEX запущен
2026-07-18 10:20:50,256 | INFO     | Начинаем обновление данных...
2026-07-18 10:20:50,714 | INFO     | Загружены цены для 14 акций через MOEX API
2026-07-18 10:20:50,716 | INFO     | Обновлены данные для 14 акций
2026-07-18 10:30:47,627 | INFO     | Alpha MOEX запускается...
2026-07-18 10:30:47,827 | INFO     | Alpha MOEX запущен
2026-07-18 10:30:53,491 | INFO     | Начинаем обновление данных...
2026-07-18 10:30:53,971 | INFO     | Загружены цены для 14 акций через MOEX API
2026-07-18 10:30:53,974 | INFO     | Обновлены данные для 14 акций
2026-07-18 10:31:23,508 | INFO     | Alpha MOEX запускается...
2026-07-18 10:31:23,698 | INFO     | Alpha MOEX запущен
2026-07-18 10:31:25,870 | INFO     | Начинаем обновление данных...
2026-07-18 10:31:26,220 | INFO     | Загружены цены для 14 акций через MOEX API
2026-07-18 10:31:26,223 | INFO     | Обновлены данные для 14 акций
2026-07-18 10:32:39,458 | INFO     | Alpha MOEX запускается...
2026-07-18 10:32:41,218 | INFO     | Alpha MOEX запущен
2026-07-18 10:32:45,869 | INFO     | Начинаем обновление данных...
2026-07-18 10:32:46,156 | INFO     | Загружены цены для 14 акций через MOEX API
2026-07-18 10:32:46,157 | INFO     | Обновлены данные для 14 акций
2026-07-18 10:44:26,314 | INFO     | Alpha MOEX запускается...
2026-07-18 10:44:26,509 | INFO     | Alpha MOEX запущен
2026-07-18 10:44:29,294 | INFO     | Начинаем обновление данных...
2026-07-18 10:44:29,645 | INFO     | Загружены цены для 14 акций через MOEX API
2026-07-18 10:44:29,648 | INFO     | Обновлены данные для 14 акций
2026-07-18 10:45:59,222 | INFO     | Alpha MOEX запускается...
2026-07-18 10:45:59,418 | INFO     | Alpha MOEX запущен
2026-07-18 10:46:01,794 | INFO     | Начинаем обновление данных...
2026-07-18 10:46:02,128 | INFO     | Загружены цены для 14 акций через MOEX API
2026-07-18 10:46:03,346 | INFO     | Обновлены данные для 14 акций
2026-07-18 10:55:03,558 | INFO     | Alpha MOEX запускается...
2026-07-18 10:55:03,759 | INFO     | Alpha MOEX запущен
2026-07-18 10:55:05,954 | INFO     | Начинаем обновление данных...
2026-07-18 10:55:06,346 | INFO     | Загружены цены для 14 акций через MOEX API
2026-07-18 10:55:06,348 | INFO     | Обновлены данные для 14 акций
2026-07-18 11:04:50,903 | INFO     | Alpha MOEX запускается...
2026-07-18 11:04:51,105 | INFO     | Alpha MOEX запущен
2026-07-18 11:04:53,318 | INFO     | Начинаем обновление данных...
2026-07-18 11:04:53,617 | INFO     | Загружены цены для 14 акций через MOEX API
2026-07-18 11:04:53,619 | INFO     | Обновлены данные для 14 акций
2026-07-18 11:11:34,946 | INFO     | Alpha MOEX запускается...
2026-07-18 11:11:35,269 | INFO     | Alpha MOEX запущен
2026-07-18 11:11:37,506 | INFO     | Начинаем обновление данных...
2026-07-18 11:11:37,825 | INFO     | Загружены цены для 14 акций через MOEX API
2026-07-18 11:11:37,827 | INFO     | Обновлены данные для 14 акций
2026-07-18 11:15:58,449 | INFO     | Alpha MOEX запускается...
2026-07-18 11:15:58,648 | INFO     | Alpha MOEX запущен
2026-07-18 11:16:01,760 | INFO     | Начинаем обновление данных...
2026-07-18 11:16:02,052 | INFO     | Загружены цены для 14 акций через MOEX API
2026-07-18 11:16:02,053 | INFO     | Обновлены данные для 14 акций
2026-07-18 11:22:19,803 | INFO     | Alpha MOEX запускается...
2026-07-18 11:22:19,998 | INFO     | Alpha MOEX запущен
2026-07-18 11:22:23,474 | INFO     | Начинаем обновление данных...
2026-07-18 11:22:23,821 | INFO     | Загружены цены для 14 акций через MOEX API
2026-07-18 11:22:23,823 | INFO     | Обновлены данные для 14 акций
2026-07-18 11:34:22,499 | INFO     | Alpha MOEX запускается...
2026-07-18 11:34:22,709 | INFO     | Alpha MOEX запущен
2026-07-18 11:34:24,873 | INFO     | Начинаем обновление данных...
2026-07-18 11:44:34,678 | INFO     | Alpha MOEX запускается...
2026-07-18 11:44:34,871 | INFO     | Alpha MOEX запущен
2026-07-18 11:44:37,316 | INFO     | Начинаем обновление данных...
2026-07-18 11:44:37,629 | INFO     | Загружено 49 акций (фиксированный список)
2026-07-18 11:44:37,719 | INFO     | Загружены цены для 43 акций
2026-07-18 11:44:37,720 | INFO     | Обновлены данные для 49 акций
2026-07-18 11:57:19,473 | INFO     | Alpha MOEX запускается...
2026-07-18 11:57:19,694 | INFO     | Alpha MOEX запущен
2026-07-18 11:57:25,843 | INFO     | Начинаем обновление данных...
2026-07-18 11:57:26,583 | INFO     | Загружены названия для 100 компаний
2026-07-18 11:57:26,584 | INFO     | Загружено 49 акций с корректными названиями
2026-07-18 11:57:26,811 | INFO     | Загружены цены для 43 акций
2026-07-18 11:57:26,814 | INFO     | Обновлены данные для 49 акций
2026-07-18 11:57:26,858 | INFO     | Начинаем обновление данных...
2026-07-18 11:57:26,993 | INFO     | Загружены названия для 100 компаний
2026-07-18 11:57:26,994 | INFO     | Загружено 49 акций с корректными названиями
2026-07-18 11:57:27,177 | INFO     | Загружены цены для 43 акций
2026-07-18 11:57:27,180 | INFO     | Обновлены данные для 49 акций
2026-07-18 11:58:16,181 | INFO     | Alpha MOEX запускается...
2026-07-18 11:58:16,362 | INFO     | Alpha MOEX запущен
2026-07-18 11:58:18,595 | INFO     | Начинаем обновление данных...
2026-07-18 11:58:19,342 | INFO     | Загружены названия для 100 компаний
2026-07-18 11:58:20,343 | INFO     | Загружено 49 акций с корректными названиями
2026-07-18 11:58:20,600 | INFO     | Загружены цены для 42 акций
2026-07-18 11:58:20,603 | INFO     | Обновлены данные для 49 акций
2026-07-18 12:08:32,486 | INFO     | Alpha MOEX запускается...
2026-07-18 12:08:32,702 | INFO     | Alpha MOEX запущен
2026-07-18 12:08:38,434 | INFO     | Начинаем обновление данных...
2026-07-18 12:08:38,435 | INFO     | Загружено 49 акций с корректными названиями
2026-07-18 12:08:38,790 | INFO     | Загружены цены для 42 акций
2026-07-18 12:08:38,792 | INFO     | Обновлены данные для 49 акций
2026-07-18 12:23:14,189 | INFO     | Alpha MOEX запускается...
2026-07-18 12:23:14,482 | INFO     | Alpha MOEX запущен
2026-07-18 12:23:16,639 | INFO     | Начинаем обновление данных...
2026-07-18 12:26:25,028 | INFO     | Alpha MOEX запускается...
2026-07-18 12:26:25,232 | INFO     | Alpha MOEX запущен
2026-07-18 12:26:27,685 | INFO     | Начинаем обновление данных...
2026-07-18 12:29:08,894 | INFO     | Alpha MOEX запускается...
2026-07-18 12:29:09,100 | INFO     | Alpha MOEX запущен
2026-07-18 12:29:10,805 | INFO     | Начинаем обновление данных...
2026-07-18 12:48:03,659 | INFO     | Alpha MOEX запускается...
2026-07-18 12:48:03,855 | INFO     | Alpha MOEX запущен
2026-07-18 12:48:05,769 | INFO     | Начинаем обновление данных...
2026-07-18 12:48:05,770 | INFO     | Загружено 49 акций (фиксированный список)
2026-07-18 12:48:05,770 | INFO     | Используем ТЕСТОВЫЕ цены для отладки
2026-07-18 12:48:05,770 | INFO     | Обновлены данные для 49 акций
2026-07-18 13:15:35,090 | INFO     | Alpha MOEX запускается...
2026-07-18 13:15:35,448 | INFO     | Alpha MOEX запущен
2026-07-18 13:15:37,462 | INFO     | Начинаем обновление данных...
2026-07-18 13:15:37,462 | INFO     | Загружено 49 акций (фиксированный список)
2026-07-18 13:15:37,462 | INFO     | Используем ТЕСТОВЫЕ цены для отладки
2026-07-18 13:15:37,463 | INFO     | Обновлены данные для 49 акций
2026-07-18 13:18:08,980 | INFO     | Alpha MOEX запускается...
2026-07-18 13:18:09,183 | INFO     | Alpha MOEX запущен
2026-07-18 13:18:10,870 | INFO     | Начинаем обновление данных...
2026-07-18 13:18:10,870 | INFO     | Загружено 49 акций (фиксированный список)
2026-07-18 13:18:10,870 | INFO     | Используем ТЕСТОВЫЕ цены для отладки
2026-07-18 13:18:10,871 | INFO     | Обновлены данные для 49 акций
2026-07-18 13:20:56,856 | INFO     | Alpha MOEX запускается...
2026-07-18 13:20:57,080 | INFO     | Alpha MOEX запущен
2026-07-18 13:20:58,778 | INFO     | Начинаем обновление данных...
2026-07-18 13:20:58,778 | INFO     | Загружено 49 акций (фиксированный список)
2026-07-18 13:20:58,778 | INFO     | Используем ТЕСТОВЫЕ цены для отладки
2026-07-18 13:20:58,779 | INFO     | Обновлены данные для 49 акций
2026-07-18 13:23:48,908 | INFO     | Alpha MOEX запускается...
2026-07-18 13:23:49,107 | INFO     | Alpha MOEX запущен
2026-07-18 13:23:50,872 | INFO     | Начинаем обновление данных...
2026-07-18 13:23:50,872 | INFO     | Загружено 49 акций (фиксированный список)
2026-07-18 13:23:50,872 | INFO     | Используем ТЕСТОВЫЕ цены для отладки
2026-07-18 13:23:50,873 | INFO     | Обновлены данные для 49 акций
2026-07-18 13:29:50,476 | INFO     | Alpha MOEX запускается...
2026-07-18 13:33:08,849 | INFO     | Alpha MOEX запускается...
2026-07-18 13:34:59,862 | INFO     | Alpha MOEX запускается...
2026-07-18 13:35:00,145 | INFO     | Alpha MOEX запущен
2026-07-18 13:35:02,436 | INFO     | Начинаем обновление данных...
2026-07-18 13:35:02,436 | INFO     | Загружено 49 акций (фиксированный список)
2026-07-18 13:35:02,436 | INFO     | Используем ТЕСТОВЫЕ цены для отладки
2026-07-18 13:35:02,437 | INFO     | Обновлены данные для 49 акций
2026-07-18 13:38:38,200 | INFO     | Alpha MOEX запускается...
2026-07-18 13:38:38,431 | INFO     | Alpha MOEX запущен
2026-07-18 13:38:40,769 | INFO     | Начинаем обновление данных...
2026-07-18 13:38:40,769 | INFO     | Загружено 49 акций (фиксированный список)
2026-07-18 13:38:40,769 | INFO     | Используем ТЕСТОВЫЕ цены для отладки
2026-07-18 13:38:40,770 | INFO     | Обновлены данные для 49 акций
2026-07-18 13:40:55,758 | INFO     | Alpha MOEX запускается...
2026-07-18 13:40:55,971 | INFO     | Alpha MOEX запущен
2026-07-18 13:40:57,752 | INFO     | Начинаем обновление данных...
2026-07-18 13:40:57,753 | INFO     | Загружено 49 акций (фиксированный список)
2026-07-18 13:40:57,753 | INFO     | Используем ТЕСТОВЫЕ цены для отладки
2026-07-18 13:40:57,754 | INFO     | Обновлены данные для 49 акций
2026-07-18 13:58:34,579 | INFO     | Alpha MOEX запускается...
2026-07-18 13:58:34,806 | INFO     | Alpha MOEX запущен
2026-07-18 13:58:38,839 | INFO     | Начинаем обновление данных...
2026-07-18 13:58:38,840 | INFO     | Загружено 49 акций (фиксированный список)
2026-07-18 13:58:39,177 | INFO     | Загружены цены и мультипликаторы для 42 акций
2026-07-18 14:01:46,424 | INFO     | Alpha MOEX запускается...
2026-07-18 14:01:46,660 | INFO     | Alpha MOEX запущен
2026-07-18 14:01:48,523 | INFO     | Начинаем обновление данных...
2026-07-18 14:01:48,523 | INFO     | Загружено 49 акций (фиксированный список)
2026-07-18 14:01:48,924 | INFO     | Загружены цены и мультипликаторы для 42 акций
2026-07-18 14:01:48,927 | INFO     | Обновлены данные для 49 акций
2026-07-18 14:20:12,663 | INFO     | Alpha MOEX запускается...
2026-07-18 14:20:13,030 | INFO     | Alpha MOEX запущен
2026-07-18 14:20:15,411 | INFO     | Начинаем обновление данных...
2026-07-18 14:20:15,412 | INFO     | Загружено 49 акций (фиксированный список)
2026-07-18 14:20:15,788 | INFO     | Загружены цены и мультипликаторы для 42 акций
2026-07-18 14:20:15,791 | INFO     | Обновлены данные для 49 акций
2026-07-18 14:30:40,336 | INFO     | Alpha MOEX запускается...
2026-07-18 14:30:40,549 | INFO     | Alpha MOEX запущен
2026-07-18 14:30:42,678 | INFO     | Начинаем обновление данных...
2026-07-18 14:30:42,678 | INFO     | Загружено 49 акций (фиксированный список)
2026-07-18 14:30:43,091 | INFO     | Загружены цены и мультипликаторы для 42 акций
2026-07-18 14:30:47,358 | INFO     | Обновлены данные для 49 акций (P/B рассчитан)
2026-07-18 14:42:48,494 | INFO     | Alpha MOEX запускается...
2026-07-18 14:42:48,707 | INFO     | Alpha MOEX запущен
2026-07-18 14:42:53,289 | INFO     | Начинаем обновление данных...
2026-07-18 14:42:53,289 | INFO     | Загружено 49 акций (фиксированный список)
2026-07-18 14:42:53,675 | INFO     | Загружены цены и мультипликаторы для 42 акций
2026-07-18 14:42:57,313 | INFO     | Обновлены данные для 49 акций (P/B рассчитан)
2026-07-18 14:45:49,353 | INFO     | Alpha MOEX запускается...
2026-07-18 14:45:49,694 | INFO     | Alpha MOEX запущен
2026-07-18 14:45:51,446 | INFO     | Начинаем обновление данных...
2026-07-18 14:45:51,447 | INFO     | Загружено 49 акций (фиксированный список)
2026-07-18 14:45:51,788 | INFO     | Загружены цены и мультипликаторы для 42 акций
2026-07-18 14:45:56,588 | INFO     | Обновлены данные для 49 акций (P/B рассчитан)
2026-07-18 14:47:41,477 | INFO     | Alpha MOEX запускается...
2026-07-18 14:47:41,690 | INFO     | Alpha MOEX запущен
2026-07-18 14:47:43,531 | INFO     | Начинаем обновление данных...
2026-07-18 14:47:43,532 | INFO     | Загружено 49 акций (фиксированный список)
2026-07-18 14:47:43,884 | INFO     | Загружены цены и мультипликаторы для 42 акций
2026-07-18 14:47:45,219 | INFO     | Обновлены данные для 49 акций (P/B рассчитан)
2026-07-18 14:53:58,576 | INFO     | Alpha MOEX запускается...
2026-07-18 14:53:58,810 | INFO     | Alpha MOEX запущен
2026-07-18 14:54:00,969 | INFO     | Начинаем обновление данных...
2026-07-18 14:54:00,969 | INFO     | Загружено 49 акций (фиксированный список)
2026-07-18 14:54:01,338 | INFO     | Загружены цены и мультипликаторы для 42 акций
2026-07-18 14:54:03,300 | INFO     | Обновлены данные для 49 акций (P/B рассчитан)
2026-07-18 15:24:43,565 | INFO     | Alpha MOEX запускается...
2026-07-18 15:24:43,816 | INFO     | Alpha MOEX запущен
2026-07-18 15:24:45,850 | INFO     | Начинаем обновление данных...
2026-07-18 15:27:21,565 | INFO     | Alpha MOEX запускается...
2026-07-18 15:27:21,776 | INFO     | Alpha MOEX запущен
2026-07-18 15:27:23,749 | INFO     | Начинаем обновление данных...
2026-07-18 15:30:40,723 | INFO     | Alpha MOEX запускается...
2026-07-18 15:30:40,939 | INFO     | Alpha MOEX запущен
2026-07-18 15:30:42,628 | INFO     | Начинаем обновление данных...
2026-07-18 15:38:44,842 | INFO     | Alpha MOEX запускается...
2026-07-18 15:38:45,057 | INFO     | Alpha MOEX запущен
2026-07-18 15:38:47,331 | INFO     | Начинаем обновление данных...
2026-07-18 15:38:47,332 | INFO     | Загружаем список компаний из API...
2026-07-18 15:41:41,493 | INFO     | Alpha MOEX запускается...
2026-07-18 15:41:41,714 | INFO     | Alpha MOEX запущен
2026-07-18 15:41:43,901 | INFO     | Начинаем обновление данных...
2026-07-18 15:45:59,329 | INFO     | Alpha MOEX запускается...
2026-07-18 15:45:59,575 | INFO     | Alpha MOEX запущен
2026-07-18 15:46:01,234 | INFO     | Начинаем обновление данных...
2026-07-18 15:46:01,561 | INFO     | Загружены цены и мультипликаторы для 42 акций
2026-07-18 15:46:03,141 | INFO     | Обновлены данные для 49 акций
2026-07-18 15:54:08,690 | INFO     | Alpha MOEX запускается...
2026-07-18 15:54:08,909 | INFO     | Alpha MOEX запущен
2026-07-18 15:54:10,559 | INFO     | Начинаем обновление данных...
2026-07-18 15:54:10,854 | INFO     | Загружено 0 акций через MOEX API
2026-07-18 15:54:11,218 | INFO     | Загружены цены и мультипликаторы для 42 акций
2026-07-18 15:54:13,175 | INFO     | Обновлены данные для 49 акций
2026-07-18 16:10:05,034 | INFO     | Alpha MOEX запускается...
2026-07-18 16:10:05,269 | INFO     | Alpha MOEX запущен
2026-07-18 16:10:07,065 | INFO     | Начинаем обновление данных...
2026-07-18 16:14:00,097 | INFO     | Alpha MOEX запускается...
2026-07-18 16:14:00,325 | INFO     | Alpha MOEX запущен
2026-07-18 16:14:02,342 | INFO     | Начинаем обновление данных...
2026-07-18 16:15:08,655 | INFO     | Alpha MOEX запускается...
2026-07-18 16:15:08,869 | INFO     | Alpha MOEX запущен
2026-07-18 16:15:10,613 | INFO     | Начинаем обновление данных...
2026-07-18 16:16:21,102 | INFO     | Alpha MOEX запускается...
2026-07-18 16:16:21,332 | INFO     | Alpha MOEX запущен
2026-07-18 16:16:23,618 | INFO     | Начинаем обновление данных...
2026-07-18 16:17:23,626 | INFO     | Alpha MOEX запускается...
2026-07-18 16:17:23,838 | INFO     | Alpha MOEX запущен
2026-07-18 16:17:26,208 | INFO     | Начинаем обновление данных...
2026-07-18 16:19:19,122 | INFO     | Alpha MOEX запускается...
2026-07-18 16:19:19,344 | INFO     | Alpha MOEX запущен
2026-07-18 16:19:20,837 | INFO     | Начинаем обновление данных...
2026-07-18 16:20:22,581 | INFO     | Alpha MOEX запускается...
2026-07-18 16:20:22,910 | INFO     | Alpha MOEX запущен
2026-07-18 16:20:24,190 | INFO     | Начинаем обновление данных...
2026-07-18 16:20:51,687 | INFO     | Alpha MOEX запускается...
2026-07-18 16:20:51,890 | INFO     | Alpha MOEX запущен
2026-07-18 16:20:53,600 | INFO     | Начинаем обновление данных...
2026-07-18 16:21:48,296 | INFO     | Alpha MOEX запускается...
2026-07-18 16:21:48,524 | INFO     | Alpha MOEX запущен
2026-07-18 16:21:51,166 | INFO     | Начинаем обновление данных...
2026-07-18 16:21:51,798 | INFO     | Загружены цены и мультипликаторы для 309 акций
2026-07-18 16:22:44,369 | INFO     | Обновлены данные для 500 акций
2026-07-18 16:23:58,139 | INFO     | Alpha MOEX запускается...
2026-07-18 16:23:58,361 | INFO     | Alpha MOEX запущен
2026-07-18 16:24:00,559 | INFO     | Начинаем обновление данных...
2026-07-18 16:24:46,773 | INFO     | Alpha MOEX запускается...
2026-07-18 16:24:47,028 | INFO     | Alpha MOEX запущен
2026-07-18 16:24:48,540 | INFO     | Начинаем обновление данных...
2026-07-18 16:24:49,046 | INFO     | Загружены цены и мультипликаторы для 309 акций
2026-07-18 16:25:37,726 | INFO     | Обновлены данные для 500 акций
2026-07-18 16:29:00,440 | INFO     | Alpha MOEX запускается...
2026-07-18 16:29:00,668 | INFO     | Alpha MOEX запущен
2026-07-18 16:29:02,179 | INFO     | Начинаем обновление данных...
2026-07-18 16:29:55,502 | INFO     | Alpha MOEX запускается...
2026-07-18 16:29:55,714 | INFO     | Alpha MOEX запущен
2026-07-18 16:29:57,139 | INFO     | Начинаем обновление данных...
2026-07-18 16:31:08,971 | INFO     | Alpha MOEX запускается...
2026-07-18 16:31:09,195 | INFO     | Alpha MOEX запущен
2026-07-18 16:31:10,531 | INFO     | Начинаем обновление данных...
2026-07-18 16:55:43,812 | INFO     | Alpha MOEX запускается...
2026-07-18 16:55:44,031 | INFO     | Alpha MOEX запущен
2026-07-18 16:55:45,812 | INFO     | Начинаем обновление данных...
2026-07-18 16:57:28,272 | INFO     | Alpha MOEX запускается...
2026-07-18 16:57:28,483 | INFO     | Alpha MOEX запущен
2026-07-18 16:57:29,815 | INFO     | Начинаем обновление данных...
2026-07-18 16:57:30,287 | INFO     | Загружены цены и мультипликаторы для 308 акций
2026-07-18 16:58:16,414 | INFO     | Обновлены данные для 500 акций
2026-07-18 17:01:01,258 | INFO     | Alpha MOEX запускается...
2026-07-18 17:01:01,497 | INFO     | Alpha MOEX запущен
2026-07-18 17:01:03,223 | INFO     | Начинаем обновление данных...
2026-07-18 17:01:03,792 | INFO     | Загружены цены и мультипликаторы для 202 акций
2026-07-18 17:01:24,372 | INFO     | Обновлены данные для 212 акций
2026-07-18 17:04:09,815 | INFO     | Alpha MOEX запускается...
2026-07-18 17:04:10,105 | INFO     | Alpha MOEX запущен
2026-07-18 17:04:12,238 | INFO     | Начинаем обновление данных...
2026-07-18 17:04:12,890 | INFO     | Загружены цены и мультипликаторы для 202 акций
2026-07-18 17:04:46,786 | INFO     | Обновлены данные для 212 акций
2026-07-18 17:14:11,002 | INFO     | Alpha MOEX запускается...
2026-07-18 17:14:11,380 | INFO     | Alpha MOEX запущен
2026-07-18 17:14:13,215 | INFO     | Начинаем обновление данных...
2026-07-18 17:14:13,639 | INFO     | Загружены цены и мультипликаторы для 203 акций
2026-07-18 17:14:32,465 | INFO     | Обновлены данные для 212 акций
2026-07-18 17:19:48,808 | INFO     | Alpha MOEX запускается...
2026-07-18 17:19:49,161 | INFO     | Alpha MOEX запущен
2026-07-18 17:19:51,094 | INFO     | Начинаем обновление данных...
2026-07-18 17:19:51,532 | INFO     | Загружены цены и мультипликаторы для 201 акций
2026-07-18 17:20:18,394 | INFO     | Обновлены данные для 212 акций
2026-07-18 17:22:14,300 | INFO     | Alpha MOEX запускается...
2026-07-18 17:22:14,518 | INFO     | Alpha MOEX запущен
2026-07-18 17:26:39,124 | INFO     | Alpha MOEX запускается...
2026-07-18 17:26:39,341 | INFO     | Alpha MOEX запущен
2026-07-18 17:26:41,318 | INFO     | Начинаем обновление данных...
2026-07-18 17:26:41,800 | INFO     | Загружены цены и мультипликаторы для 201 акций
2026-07-18 17:26:58,393 | INFO     | Обновлены данные для 212 акций
2026-07-18 17:32:18,995 | INFO     | Alpha MOEX запускается...
2026-07-18 17:32:19,203 | INFO     | Alpha MOEX запущен
2026-07-18 17:32:20,551 | INFO     | Начинаем обновление данных...
2026-07-18 17:32:21,089 | INFO     | Загружены цены и мультипликаторы для 201 акций
2026-07-18 17:33:08,217 | INFO     | Обновлены данные для 212 акций
2026-07-18 17:36:04,704 | INFO     | Alpha MOEX запускается...
2026-07-18 17:36:04,923 | INFO     | Alpha MOEX запущен
2026-07-18 17:37:55,547 | INFO     | Alpha MOEX запускается...
2026-07-18 17:37:55,775 | INFO     | Alpha MOEX запущен
2026-07-18 17:37:57,912 | INFO     | Начинаем обновление данных...
2026-07-18 17:37:58,533 | INFO     | Загружены цены и мультипликаторы для 203 акций
2026-07-18 17:38:37,884 | INFO     | Обновлены данные для 1 акций
2026-07-18 17:41:33,799 | INFO     | Alpha MOEX запускается...
2026-07-18 17:41:34,015 | INFO     | Alpha MOEX запущен
2026-07-18 17:41:37,288 | INFO     | Начинаем обновление данных...
2026-07-18 17:41:37,753 | INFO     | Загружены цены и мультипликаторы для 202 акций
2026-07-18 17:42:09,110 | INFO     | Обновлены данные для 212 акций
2026-07-18 17:47:28,947 | INFO     | Alpha MOEX запускается...
2026-07-18 17:47:29,158 | INFO     | Alpha MOEX запущен
2026-07-18 17:47:31,039 | INFO     | Начинаем обновление данных...
2026-07-18 17:47:31,611 | INFO     | Загружены цены и мультипликаторы для 203 акций
2026-07-18 17:47:57,540 | INFO     | Обновлены данные для 212 акций
